----------------------------------------------------------------------------------------------------------------------------------
      name:  <unnamed>
       log:  C:\Users\akgilmar\OneDrive - Syracuse University\ECN\ATUS+TOA merged .log
  log type:  text
 opened on:   2 Dec 2025, 16:42:53

. use "C:\Users\akgilmar\OneDrive - Syracuse University\ECN\merged_data.dta"

. rename gestfips statefips
variable gestfips not found
r(111);

. use "C:\Users\akgilmar\OneDrive - Syracuse University\ECN\county_cohort_trends (5).dta", clear

. rename state_id statefips

. save "C:\Users\akgilmar\OneDrive - Syracuse University\ECN\Labled TOA data.dta"
file C:\Users\akgilmar\OneDrive - Syracuse University\ECN\Labled TOA data.dta saved

. use "C:\Users\akgilmar\OneDrive - Syracuse University\ECN\merged_data.dta"

. drop _merge

. merge m:m statefips using "C:\Users\akgilmar\OneDrive - Syracuse University\ECN\Labled TOA data.dta"

    Result                      Number of obs
    -----------------------------------------
    Not matched                             0
    Matched                            69,145  (_merge==3)
    -----------------------------------------

. log close
      name:  <unnamed>
       log:  C:\Users\akgilmar\OneDrive - Syracuse University\ECN\ATUS+TOA merged .log
  log type:  text
 closed on:   2 Dec 2025, 16:45:24
----------------------------------------------------------------------------------------------------------------------------------
